python : C:\Users\COMP
UTER\AppData\Local\Pro
grams\Python\Python314
\Lib\site-packages\_py
test\config\__init__.p
y:331: PluggyTeardownR
aisedWarning: A 
plugin raised an 
exception during an 
old-style hookwrapper 
teardown.
En línea: 1 Carácter: 
1
+ python -m pytest tes
ts/test_legal_orm.py 
> test_output.txt 2>&1
+ ~~~~~~~~~~~~~~~~~~~~
~~~~~~~~~~~~~~~~~~~~~~
~~~~~~~~~~~~~~~~~~~~~
    + CategoryInfo    
          : NotSpeci  
  fied: (C:\Users\C   
 OMPUT...apper tea    
rdown.:String) []    
, RemoteException
    + FullyQualifiedE 
   rrorId : NativeCo  
  mmandError
 
Plugin: helpconfig, 
Hook: 
pytest_cmdline_parse
ConftestImportFailure:
 SyntaxError: 
(unicode error) 
'unicodeescape' codec 
can't decode bytes in 
position 695-696: 
truncated \UXXXXXXXX 
escape (usuarios.py, 
line 2) (from D:\Mi-Ap
p-React\src\dashboard\
conftest.py)
For more information 
see https://pluggy.rea
dthedocs.io/en/stable/
api_reference.html#plu
ggy.PluggyTeardownRais
edWarning
  config = pluginmanag
er.hook.pytest_cmdline
_parse(
ImportError while 
loading conftest 'D:\M
i-App-React\src\dashbo
ard\conftest.py'.
conftest.py:19: in 
<module>
2025-11-26 21:45:41 | INFO     | montero_system | app.<module>:28 | Cargando variables de entorno desde: D:\Mi-App-React\src\dashboard\.env
    from app import 
create_app
app.py:36: in <module>
    from 
routes.usuarios 
import usuarios_bp as 
bp_empleado
E     File "D:\Mi-App-
React\src\dashboard\ro
utes\usuarios.py", 
line 2
E       """
E       ^^^
E   SyntaxError: 
(unicode error) 
'unicodeescape' codec 
can't decode bytes in 
position 695-696: 
truncated \UXXXXXXXX 
escape
